[2026-10-08 05:31:43.102] ==================================================
[2026-10-08 05:31:43.112] VivaC# LOGGER INITIALIZED
[2026-10-08 05:31:43.114] ==================================================
[2026-10-08 05:31:43.118] Time: 10/8/2026 5:31:43 AM
[2026-10-08 05:31:43.123] Process: VivaCSharp
[2026-10-08 05:31:43.124] Base Directory: C:\Users\Amin\Desktop\NovaC#\bin\Debug\net8.0-windows\
[2026-10-08 05:31:43.125] Current Directory: C:\Users\Amin\Desktop\NovaC#
[2026-10-08 05:31:43.130] OS: Microsoft Windows NT 10.0.19045.0
[2026-10-08 05:31:43.131] .NET: 8.0.31
[2026-10-08 05:31:43.138] ==================================================
[2026-10-08 05:31:43.139] ========================================
[2026-10-08 05:31:43.140] VivaC# starting.
[2026-10-08 05:31:43.141] App constructor started.
[2026-10-08 05:31:43.142] ========================================
[2026-10-08 05:31:43.144] Crash handlers registered.
[2026-10-08 05:31:43.157] OnStartup entered.
[2026-10-08 05:31:43.158] StartupUri = MainWindow.xaml
[2026-10-08 05:31:43.160] base.OnStartup completed.
[2026-10-08 05:31:43.253] MainWindow constructor started.
[2026-10-08 05:31:45.686] MainWindow InitializeComponent completed.
[2026-10-08 05:31:45.699] MainWindow initialized successfully.
[2026-10-08 05:31:46.774] MainWindow loaded.
[2026-10-08 05:34:30.141] VivaC# closed.
[2026-10-08 05:38:12.785] ==================================================
[2026-10-08 05:38:12.790] VivaC# LOGGER INITIALIZED
[2026-10-08 05:38:12.791] ==================================================
[2026-10-08 05:38:12.794] Time: 10/8/2026 5:38:12 AM
[2026-10-08 05:38:12.798] Process: VivaCSharp
[2026-10-08 05:38:12.799] Base Directory: C:\Users\Amin\Desktop\NovaC#\bin\Debug\net8.0-windows\
[2026-10-08 05:38:12.800] Current Directory: C:\Users\Amin\Desktop\NovaC#
[2026-10-08 05:38:12.804] OS: Microsoft Windows NT 10.0.19045.0
[2026-10-08 05:38:12.806] .NET: 8.0.31
[2026-10-08 05:38:12.807] ==================================================
[2026-10-08 05:38:12.808] ========================================
[2026-10-08 05:38:12.809] VivaC# starting.
[2026-10-08 05:38:12.810] App constructor started.
[2026-10-08 05:38:12.811] ========================================
[2026-10-08 05:38:12.813] Crash handlers registered.
[2026-10-08 05:38:12.827] OnStartup entered.
[2026-10-08 05:38:12.828] StartupUri = MainWindow.xaml
[2026-10-08 05:38:12.829] base.OnStartup completed.
[2026-10-08 05:42:34.392] ==================================================
[2026-10-08 05:42:34.398] VivaC# LOGGER INITIALIZED
[2026-10-08 05:42:34.399] ==================================================
[2026-10-08 05:42:34.426] Time: 10/8/2026 5:42:34 AM
[2026-10-08 05:42:34.430] Process: VivaCSharp
[2026-10-08 05:42:34.431] Base Directory: C:\Users\Amin\Desktop\NovaC#\bin\Debug\net8.0-windows\
[2026-10-08 05:42:34.432] Current Directory: C:\Users\Amin\Desktop\NovaC#
[2026-10-08 05:42:34.434] OS: Microsoft Windows NT 10.0.19045.0
[2026-10-08 05:42:34.436] .NET: 8.0.31
[2026-10-08 05:42:34.440] ==================================================
[2026-10-08 05:42:34.441] ========================================
[2026-10-08 05:42:34.442] VivaC# starting.
[2026-10-08 05:42:34.443] App constructor started.
[2026-10-08 05:42:34.444] ========================================
[2026-10-08 05:42:34.544] Crash handlers registered.
[2026-10-08 05:42:34.631] OnStartup entered.
[2026-10-08 05:42:34.632] StartupUri = MainWindow.xaml
[2026-10-08 05:42:34.644] base.OnStartup completed.
